D:/STM32_LCE_INTERNSHIP/MeasurementProject/Core/Src/main.c:450:6:Process_Grid_State	21
D:/STM32_LCE_INTERNSHIP/MeasurementProject/Core/Src/main.c:529:6:Validate_Post_Capture	4
D:/STM32_LCE_INTERNSHIP/MeasurementProject/Core/Src/main.c:561:6:Assemble_Anomaly_Log	6
D:/STM32_LCE_INTERNSHIP/MeasurementProject/Core/Src/main.c:634:6:Handle_Button_Logic	18
D:/STM32_LCE_INTERNSHIP/MeasurementProject/Core/Src/main.c:703:6:Render_Display_Engine	35
D:/STM32_LCE_INTERNSHIP/MeasurementProject/Core/Src/main.c:857:5:main	3
D:/STM32_LCE_INTERNSHIP/MeasurementProject/Core/Src/main.c:1017:6:SystemClock_Config	3
D:/STM32_LCE_INTERNSHIP/MeasurementProject/Core/Src/main.c:1073:6:TFT_WriteCmd	1
D:/STM32_LCE_INTERNSHIP/MeasurementProject/Core/Src/main.c:1086:6:TFT_WriteData	1
D:/STM32_LCE_INTERNSHIP/MeasurementProject/Core/Src/main.c:1104:6:TFT_Init	1
D:/STM32_LCE_INTERNSHIP/MeasurementProject/Core/Src/main.c:1133:6:TFT_SetWindow	1
D:/STM32_LCE_INTERNSHIP/MeasurementProject/Core/Src/main.c:1162:6:TFT_DrawChar	4
D:/STM32_LCE_INTERNSHIP/MeasurementProject/Core/Src/main.c:1192:6:TFT_DrawFastVLine	5
D:/STM32_LCE_INTERNSHIP/MeasurementProject/Core/Src/main.c:1229:6:TFT_ConnectDots	4
D:/STM32_LCE_INTERNSHIP/MeasurementProject/Core/Src/main.c:1247:6:TFT_FillScreen	2
D:/STM32_LCE_INTERNSHIP/MeasurementProject/Core/Src/main.c:1267:6:TFT_Print	2
D:/STM32_LCE_INTERNSHIP/MeasurementProject/Core/Src/main.c:1280:6:TFT_DrawPixel	3
D:/STM32_LCE_INTERNSHIP/MeasurementProject/Core/Src/main.c:1297:6:TFT_DrawFilledRect	2
D:/STM32_LCE_INTERNSHIP/MeasurementProject/Core/Src/main.c:1323:6:Generate_3Phase_LUT	2
D:/STM32_LCE_INTERNSHIP/MeasurementProject/Core/Src/main.c:1346:6:HAL_ADC_ConvHalfCpltCallback	2
D:/STM32_LCE_INTERNSHIP/MeasurementProject/Core/Src/main.c:1357:6:HAL_ADC_ConvCpltCallback	2
D:/STM32_LCE_INTERNSHIP/MeasurementProject/Core/Src/main.c:1372:6:Set_Signal_Failure	3
D:/STM32_LCE_INTERNSHIP/MeasurementProject/Core/Src/main.c:1394:6:HAL_GPIO_EXTI_Callback	1
D:/STM32_LCE_INTERNSHIP/MeasurementProject/Core/Src/main.c:1406:6:Draw_Oscilloscope_Grid	4
D:/STM32_LCE_INTERNSHIP/MeasurementProject/Core/Src/main.c:1454:7:Calculate_Buffer_MS	2
D:/STM32_LCE_INTERNSHIP/MeasurementProject/Core/Src/main.c:1485:7:Get_Period_MS	7
D:/STM32_LCE_INTERNSHIP/MeasurementProject/Core/Src/main.c:1515:6:Error_Handler	1
