D:/STM32_LCE_INTERNSHIP/MeasurementProject/Core/Src/main.c:450:6:Process_Grid_State	64	static
D:/STM32_LCE_INTERNSHIP/MeasurementProject/Core/Src/main.c:529:6:Validate_Post_Capture	24	static
D:/STM32_LCE_INTERNSHIP/MeasurementProject/Core/Src/main.c:561:6:Assemble_Anomaly_Log	64	static
D:/STM32_LCE_INTERNSHIP/MeasurementProject/Core/Src/main.c:634:6:Handle_Button_Logic	32	static
D:/STM32_LCE_INTERNSHIP/MeasurementProject/Core/Src/main.c:703:6:Render_Display_Engine	64	static
D:/STM32_LCE_INTERNSHIP/MeasurementProject/Core/Src/main.c:857:5:main	24	static
D:/STM32_LCE_INTERNSHIP/MeasurementProject/Core/Src/main.c:1017:6:SystemClock_Config	88	static
D:/STM32_LCE_INTERNSHIP/MeasurementProject/Core/Src/main.c:1073:6:TFT_WriteCmd	16	static
D:/STM32_LCE_INTERNSHIP/MeasurementProject/Core/Src/main.c:1086:6:TFT_WriteData	16	static
D:/STM32_LCE_INTERNSHIP/MeasurementProject/Core/Src/main.c:1104:6:TFT_Init	8	static
D:/STM32_LCE_INTERNSHIP/MeasurementProject/Core/Src/main.c:1133:6:TFT_SetWindow	32	static
D:/STM32_LCE_INTERNSHIP/MeasurementProject/Core/Src/main.c:1162:6:TFT_DrawChar	40	static
D:/STM32_LCE_INTERNSHIP/MeasurementProject/Core/Src/main.c:1192:6:TFT_DrawFastVLine	32	static
D:/STM32_LCE_INTERNSHIP/MeasurementProject/Core/Src/main.c:1229:6:TFT_ConnectDots	32	static
D:/STM32_LCE_INTERNSHIP/MeasurementProject/Core/Src/main.c:1247:6:TFT_FillScreen	24	static
D:/STM32_LCE_INTERNSHIP/MeasurementProject/Core/Src/main.c:1267:6:TFT_Print	24	static
D:/STM32_LCE_INTERNSHIP/MeasurementProject/Core/Src/main.c:1280:6:TFT_DrawPixel	24	static
D:/STM32_LCE_INTERNSHIP/MeasurementProject/Core/Src/main.c:1297:6:TFT_DrawFilledRect	32	static
D:/STM32_LCE_INTERNSHIP/MeasurementProject/Core/Src/main.c:1323:6:Generate_3Phase_LUT	40	static
D:/STM32_LCE_INTERNSHIP/MeasurementProject/Core/Src/main.c:1346:6:HAL_ADC_ConvHalfCpltCallback	16	static
D:/STM32_LCE_INTERNSHIP/MeasurementProject/Core/Src/main.c:1357:6:HAL_ADC_ConvCpltCallback	16	static
D:/STM32_LCE_INTERNSHIP/MeasurementProject/Core/Src/main.c:1372:6:Set_Signal_Failure	24	static
D:/STM32_LCE_INTERNSHIP/MeasurementProject/Core/Src/main.c:1394:6:HAL_GPIO_EXTI_Callback	16	static
D:/STM32_LCE_INTERNSHIP/MeasurementProject/Core/Src/main.c:1406:6:Draw_Oscilloscope_Grid	48	static
D:/STM32_LCE_INTERNSHIP/MeasurementProject/Core/Src/main.c:1454:7:Calculate_Buffer_MS	48	static
D:/STM32_LCE_INTERNSHIP/MeasurementProject/Core/Src/main.c:1485:7:Get_Period_MS	32	static
D:/STM32_LCE_INTERNSHIP/MeasurementProject/Core/Src/main.c:1515:6:Error_Handler	4	static,ignoring_inline_asm
